level 2, shells [0, 1, 2, 3, 4, 5, 6], DIM ker L1=2, kappa=10000
  [eval 40] G*=9387.7  s*=0.96 1.04 1.11 1.25 1.01 0.97 0.87
            excess(d)=+1.143 +0.546 +0.563 +0.467 +0.503 +0.451 +0.000
  [eval 80] G*=9328.1  s*=0.96 1.04 1.41 2.01 0.87 0.99 0.44
            excess(d)=+1.409 +0.804 +0.831 +0.782 +0.697 +0.734 +0.000
  [eval 120] G*=9043.2  s*=0.98 1.18 1.59 2.71 0.73 1.02 0.25
            excess(d)=+1.694 +1.083 +1.108 +1.127 +0.909 +1.025 +0.000
  [eval 160] G*=9043.2  s*=0.98 1.18 1.59 2.71 0.73 1.02 0.25
            excess(d)=+1.694 +1.083 +1.108 +1.127 +0.909 +1.025 +0.000
  [eval 200] G*=8931.3  s*=0.96 1.17 1.59 2.74 0.73 1.04 0.27
            excess(d)=+1.691 +1.081 +1.106 +1.127 +0.900 +1.025 +0.000
  [eval 240] G*=8641.3  s*=0.97 1.17 1.59 2.73 0.74 1.05 0.27
            excess(d)=+1.692 +1.081 +1.106 +1.130 +0.903 +1.025 +0.000
  [eval 280] G*=8110.5  s*=0.96 1.17 1.59 2.74 0.74 1.04 0.27
            excess(d)=+1.692 +1.082 +1.106 +1.131 +0.903 +1.025 +0.000
  [eval 320] G*=7185.0  s*=0.96 1.17 1.59 2.74 0.74 1.05 0.27
            excess(d)=+1.692 +1.082 +1.106 +1.131 +0.902 +1.025 +0.000

=== DONE (5445s, 320 evals, CONVERGENT/interior) ===
  s*(d)        =  0.964  1.173  1.590  2.737  0.738  1.046  0.268
  curvature(d) = +1.719 +1.108 +1.133 +1.158 +0.929 +1.052 +0.027
  excess(d)    = +1.692 +1.082 +1.106 +1.131 +0.902 +1.025 +0.000
  |h|^2(d)     = 0.00453 0.00071 0.00035 0.00028 0.00011 0.00009 0.00007
